 --- Cálculo de la factorización de Jacobi para la resolución iterative un S.E.L. ---
 El orden n de la matriz A es: 
       3

 La matriz de coeficientes A es: 
  0.1000E+02  0.3000E+01  0.1000E+01
  0.3000E+01  0.1000E+02  0.2000E+01
  0.1000E+01  0.2000E+01  0.1000E+02

 El término independiente b es: 
  0.1900E+02  0.2900E+02  0.3500E+02

 El iterante inicial u es: 
  0.1900E+01  0.2900E+01  0.3500E+01

 El parámetro eps para el test de parada es:
   9.9999999999999995E-007

 El número máximo de iteracciones permitidas es: 
     100

   1|  0.6800E+00  0.1630E+01  0.2730E+01
-------------------------------------
   2|  0.1138E+01  0.2150E+01  0.3106E+01
-------------------------------------
   3|  0.9444E+00  0.1937E+01  0.2956E+01
-------------------------------------
   4|  0.1023E+01  0.2025E+01  0.3018E+01
-------------------------------------
   5|  0.9906E+00  0.1989E+01  0.2993E+01
-------------------------------------
   6|  0.1004E+01  0.2004E+01  0.3003E+01
-------------------------------------
   7|  0.9984E+00  0.1998E+01  0.2999E+01
-------------------------------------
   8|  0.1001E+01  0.2001E+01  0.3001E+01
-------------------------------------
   9|  0.9997E+00  0.2000E+01  0.3000E+01
-------------------------------------
  10|  0.1000E+01  0.2000E+01  0.3000E+01
-------------------------------------
  11|  0.1000E+01  0.2000E+01  0.3000E+01
-------------------------------------
  12|  0.1000E+01  0.2000E+01  0.3000E+01
-------------------------------------
  13|  0.1000E+01  0.2000E+01  0.3000E+01
-------------------------------------
  14|  0.1000E+01  0.2000E+01  0.3000E+01
-------------------------------------
  15|  0.1000E+01  0.2000E+01  0.3000E+01
-------------------------------------
  16|  0.1000E+01  0.2000E+01  0.3000E+01
-------------------------------------
  17|  0.1000E+01  0.2000E+01  0.3000E+01
-------------------------------------

 Test de parada activado en la iteración:           17

 La solución aproximada del sistema es: 
  0.1000E+01  0.2000E+01  0.3000E+01

 El residuo del sistema r = Ax-b es: 
 -0.3135E-05 -0.3481E-05 -0.2455E-05

